// Jest Snapshot v1, https://goo.gl/fbAQLP

exports[`test _app Renders correctly 1`] = `
<div>
  For testing purposes
</div>
`;
